18:20:04 **** Incremental Build of configuration Debug for project temp ****
make -j16 all 
arm-none-eabi-gcc "../Core/Src/main.c" -mcpu=cortex-m4 -std=gnu11 -g3 -DDEBUG -DUSE_HAL_DRIVER -DSTM32F446xx -c -I../Core/Inc -I../Drivers/STM32F4xx_HAL_Driver/Inc -I../Drivers/STM32F4xx_HAL_Driver/Inc/Legacy -I../Drivers/CMSIS/Device/ST/STM32F4xx/Include -I../Drivers/CMSIS/Include -O0 -ffunction-sections -fdata-sections -Wall -fstack-usage -fcyclomatic-complexity -MMD -MP -MF"Core/Src/main.d" -MT"Core/Src/main.o" --specs=nano.specs -mfpu=fpv4-sp-d16 -mfloat-abi=hard -mthumb -o "Core/Src/main.o"
../Core/Src/main.c:58:12: warning: 'mpu6050_init' defined but not used [-Wunused-function]
   58 | static int mpu6050_init(void) {
      |            ^~~~~~~~~~~~
arm-none-eabi-gcc -o "temp.elf" @"objects.list"   -mcpu=cortex-m4 -T"C:\Users\ajith\Desktop\stm code\STM32F446RETX_FLASH.ld" --specs=nosys.specs -Wl,-Map="temp.map" -Wl,--gc-sections -static --specs=nano.specs -mfpu=fpv4-sp-d16 -mfloat-abi=hard -mthumb -Wl,--start-group -lc -lm -Wl,--end-group
Finished building target: temp.elf
 
arm-none-eabi-size  temp.elf 
arm-none-eabi-objdump -h -S temp.elf  > "temp.list"
   text	   data	    bss	    dec	    hex	filename
  19560	     92	   2068	  21720	   54d8	temp.elf
Finished building: default.size.stdout
 
Finished building: temp.list
 
18:20:07 **** Incremental Build of configuration Debug for project temp ****
make -j16 all 
arm-none-eabi-size  temp.elf 
   text	   data	    bss	    dec	    hex	filename
  19560	     92	   2068	  21720	   54d8	temp.elf
Finished building: default.size.stdout
 
